
> organizador-estudos@1.0.0 parse-editais
> node scripts/parse_editais_manual.cjs

Found 14 PDFs.
Parsing EDITAL ENAM 1.pdf...
Warning: TT: undefined function: 32
Warning: TT: undefined function: 32
Parsing EDITAL ENAM 2024.2.pdf...
Warning: TT: undefined function: 21
Warning: TT: undefined function: 21
Warning: TT: invalid function id: 136
Parsing EDITAL ENAM 2025.1.pdf...
Warning: TT: undefined function: 21
Warning: TT: undefined function: 21
Warning: TT: invalid function id: 136
Parsing EDITAL MPF 2022.pdf...
Parsing EDITAL MPF 2025.pdf...
Warning: TT: undefined function: 21
Parsing EDITAL MPGO 2023.pdf...
Parsing EDITAL MPMG 2024.pdf...
Parsing EDITAL MPMG.pdf...
Parsing EDITAL MPRS 2025.pdf...
Warning: TT: undefined function: 32
Parsing EDITAL TJDFT 2022 JUIZ.pdf...
Warning: TT: undefined function: 32
Warning: TT: undefined function: 32
Parsing EDITAL TJMG 2021.pdf...
Parsing EDITAL TJSP 2024.pdf...
Warning: TT: undefined function: 21
Warning: TT: invalid function id: 136
Warning: TT: undefined function: 21
Parsing EDITAL TRF2 2025 .pdf...
Warning: TT: undefined function: 21
Warning: TT: undefined function: 21
Warning: TT: invalid function id: 136
Parsing TRF5 EDITAL 2025.pdf...
Warning: TT: undefined function: 21
Warning: TT: undefined function: 21
Warning: TT: invalid function id: 136
Building Canonical Knowledge Base...
